
**** Build of configuration Debug for project read_write_DRAM ****

make all 
Building file: ../src/read_write_DRAM.c
Invoking: MicroBlaze gcc compiler
mb-gcc -Wall -O0 -g3 -c -fmessage-length=0 -Wl,--no-relax -I../../read_write_DRAM_bsp_0/microblaze_0/include -mxl-barrel-shift -mxl-pattern-compare -mcpu=v8.30.a -mno-xl-soft-mul -MMD -MP -MF"src/read_write_DRAM.d" -MT"src/read_write_DRAM.d" -o"src/read_write_DRAM.o" "../src/read_write_DRAM.c"
../src/read_write_DRAM.c: In function ‘getOperation’:
../src/read_write_DRAM.c:28:2: warning: implicit declaration of function ‘xil_printf’ [-Wimplicit-function-declaration]
../src/read_write_DRAM.c: In function ‘main’:
../src/read_write_DRAM.c:108:18: warning: unused variable ‘output_0’ [-Wunused-variable]
Finished building: ../src/read_write_DRAM.c
 
Building target: read_write_DRAM.elf
Invoking: MicroBlaze gcc linker
mb-gcc -Wl,--no-relax -Wl,-T -Wl,../src/lscript.ld -L../../read_write_DRAM_bsp_0/microblaze_0/lib -mxl-barrel-shift -mxl-pattern-compare -mcpu=v8.30.a -mno-xl-soft-mul -o"read_write_DRAM.elf"  ./src/read_write_DRAM.o ./src/readbgcop.o ./src/writecopimage.o   -Wl,--start-group,-lxil,-lgcc,-lc,--end-group
Finished building target: read_write_DRAM.elf
 
Invoking: MicroBlaze Print Size
mb-size read_write_DRAM.elf  |tee "read_write_DRAM.elf.size"
   text	   data	    bss	    dec	    hex	filename
  17364	   1336	   2156	  20856	   5178	read_write_DRAM.elf
Finished building: read_write_DRAM.elf.size
 
Invoking: Xilinx ELF Check
elfcheck read_write_DRAM.elf -hw ../../lab5B_hw_platform/system.xml -pe microblaze_0  |tee "read_write_DRAM.elf.elfcheck"
elfcheck
Xilinx EDK 14.1 Build EDK_P.15xf
Copyright (c) 1995-2012 Xilinx, Inc.  All rights reserved.

Command Line: elfcheck -hw ../../lab5B_hw_platform/system.xml -pe microblaze_0
read_write_DRAM.elf 

ELF file	: read_write_DRAM.elf
elfcheck passed.
Finished building: read_write_DRAM.elf.elfcheck
 
