MO system_mb_plb_wrapper NULL /home/cc/cs150/sp13/class/cs150-ar/finalproj/dram/hdl/system.v vlg38/system__mb__plb__wrapper.bin 1367182722
MO pixel_fifo NULL ../../DVIcrap/hardware/src/pixel_fifo/pixel_fifo.v vlg65/pixel__fifo.bin 1367182723
MO system_microblaze_0_to_readbgcop_0_wrapper NULL /home/cc/cs150/sp13/class/cs150-ar/finalproj/dram/hdl/system.v vlg02/system__microblaze__0__to__readbgcop__0__wrapper.bin 1367182722
MO PixelCounter NULL ../../DVIcrap/hardware/src/DVI/PixelCounter.v vlg3A/_pixel_counter.bin 1367182723
MO DVIData NULL ../../DVIcrap/hardware/src/DVI/DVIData.v vlg3D/_d_v_i_data.bin 1367182723
MO FIFORegister NULL ../../DVIcrap/hardware/src/DVI/FIFORegister.v vlg05/_f_i_f_o_register.bin 1367182723
MO IORegister NULL ../../DVIcrap/hardware/src/IORegister.v vlg45/_i_o_register.bin 1367182723
MO system_microblaze_0_to_readfgcop_0_wrapper NULL /home/cc/cs150/sp13/class/cs150-ar/finalproj/dram/hdl/system.v vlg26/system__microblaze__0__to__readfgcop__0__wrapper.bin 1367182722
MO chipscope_icon NULL chipscope/chipscope_icon.v vlg52/chipscope__icon.bin 1367182723
MO system_ilmb_cntlr_wrapper NULL /home/cc/cs150/sp13/class/cs150-ar/finalproj/dram/hdl/system.v vlg7E/system__ilmb__cntlr__wrapper.bin 1367182722
MO FIFOInitial NULL ../../DVIcrap/hardware/src/DVI/FIFOInitial.v vlg32/_f_i_f_o_initial.bin 1367182723
MO system_mdm_0_wrapper NULL /home/cc/cs150/sp13/class/cs150-ar/finalproj/dram/hdl/system.v vlg65/system__mdm__0__wrapper.bin 1367182722
MO Register NULL ../../DVIcrap/hardware/src/DVI/Register.v vlg09/_register.bin 1367182722
MO DVIInitial NULL ../../DVIcrap/hardware/src/DVI/DVIInitial.v vlg25/_d_v_i_initial.bin 1367182723
MO system_microblaze_0_wrapper NULL /home/cc/cs150/sp13/class/cs150-ar/finalproj/dram/hdl/system.v vlg2B/system__microblaze__0__wrapper.bin 1367182722
MO I2CDRAMMaster NULL ../../DVIcrap/hardware/src/DVI/I2CDRAMMaster.v vlg1E/_i2_c_d_r_a_m_master.bin 1367182723
MO GreenScreen NULL ../../greenscreen_verilog/src/greenscreen.v vlg3D/_green_screen.bin 1366830034
MO CountCompare NULL ../../DVIcrap/hardware/src/DVI/CountCompare.v vlg44/_count_compare.bin 1367182722
MO ShiftRegister NULL ../../DVIcrap/hardware/src/DVI/ShiftRegister.v vlg67/_shift_register.bin 1367182722
MO DVI NULL ../../DVIcrap/hardware/src/DVI/DVI.v vlg1B/_d_v_i.bin 1367182723
MO FIFORegControl NULL ../../DVIcrap/hardware/src/DVI/FIFORegControl.v vlg17/_f_i_f_o_reg_control.bin 1367182722
MO system_rs232_uart_1_wrapper NULL /home/cc/cs150/sp13/class/cs150-ar/finalproj/dram/hdl/system.v vlg1B/system__rs232__uart__1__wrapper.bin 1367182722
MO system_top NULL ../../../../finalproj/dram/system_top.v vlg5B/system__top.bin 1367182723
MO chipscope_ila NULL chipscope/chipscope_ila.v vlg33/chipscope__ila.bin 1367182723
MO SDR2DDR NULL ../../DVIcrap/hardware/src/DVI/SDR2DDR.v vlg65/_s_d_r2_d_d_r.bin 1367182723
MO system_dlmb_wrapper NULL /home/cc/cs150/sp13/class/cs150-ar/finalproj/dram/hdl/system.v vlg77/system__dlmb__wrapper.bin 1367182722
MO system NULL /home/cc/cs150/sp13/class/cs150-ar/finalproj/dram/hdl/system.v vlg19/system.bin 1367182722
MO system_readfgcop_0_to_microblaze_0_wrapper NULL /home/cc/cs150/sp13/class/cs150-ar/finalproj/dram/hdl/system.v vlg06/system__readfgcop__0__to__microblaze__0__wrapper.bin 1367182722
MO system_readbgcop_0_to_microblaze_0_wrapper NULL /home/cc/cs150/sp13/class/cs150-ar/finalproj/dram/hdl/system.v vlg62/system__readbgcop__0__to__microblaze__0__wrapper.bin 1367182722
MO system_lmb_bram_wrapper NULL /home/cc/cs150/sp13/class/cs150-ar/finalproj/dram/hdl/system.v vlg0C/system__lmb__bram__wrapper.bin 1367182722
MO PixelFeeder NULL ../../DVIcrap/hardware/src/PixelFeeder.v vlg55/_pixel_feeder.bin 1367182723
MO system_readbgcop_0_wrapper NULL /home/cc/cs150/sp13/class/cs150-ar/finalproj/dram/hdl/system.v vlg3A/system__readbgcop__0__wrapper.bin 1367182722
MO system_clock_generator_0_wrapper NULL /home/cc/cs150/sp13/class/cs150-ar/finalproj/dram/hdl/system.v vlg49/system__clock__generator__0__wrapper.bin 1367182722
MO I2CMaster NULL ../../DVIcrap/hardware/src/DVI/I2CMaster.v vlg76/_i2_c_master.bin 1367182723
MO CountRegion NULL ../../DVIcrap/hardware/src/DVI/CountRegion.v vlg69/_count_region.bin 1367182723
MO system_proc_sys_reset_0_wrapper NULL /home/cc/cs150/sp13/class/cs150-ar/finalproj/dram/hdl/system.v vlg73/system__proc__sys__reset__0__wrapper.bin 1367182722
MO system_ddr2_sdram_wrapper NULL /home/cc/cs150/sp13/class/cs150-ar/finalproj/dram/hdl/system.v vlg6E/system__ddr2__sdram__wrapper.bin 1367182722
MO system_ilmb_wrapper NULL /home/cc/cs150/sp13/class/cs150-ar/finalproj/dram/hdl/system.v vlg48/system__ilmb__wrapper.bin 1367182722
MO Counter NULL ../../DVIcrap/hardware/src/DVI/Counter.v vlg70/_counter.bin 1367182722
MO system_writecopimage_0_wrapper NULL /home/cc/cs150/sp13/class/cs150-ar/finalproj/dram/hdl/system.v vlg7B/system__writecopimage__0__wrapper.bin 1367182722
MO system_readfgcop_0_wrapper NULL /home/cc/cs150/sp13/class/cs150-ar/finalproj/dram/hdl/system.v vlg5E/system__readfgcop__0__wrapper.bin 1367182722
MO system_dlmb_cntlr_wrapper NULL /home/cc/cs150/sp13/class/cs150-ar/finalproj/dram/hdl/system.v vlg25/system__dlmb__cntlr__wrapper.bin 1367182722
MO system_microblaze_0_to_writecopimage_0_wrapper NULL /home/cc/cs150/sp13/class/cs150-ar/finalproj/dram/hdl/system.v vlg43/system__microblaze__0__to__writecopimage__0__wrapper.bin 1367182722
