/home/cc/cs150/sp13/class/cs150-ar/Desktop/labs/FinalProj/topContainingXpsPro/system_top.ngc 1367183144
/home/cc/cs150/sp13/class/cs150-ar/Desktop/labs/FinalProj/topContainingXpsPro/system.ngc 1366947111
/home/cc/cs150/sp13/class/cs150-ar/Desktop/labs/FinalProj/topContainingXpsPro/system_microblaze_0_wrapper.ngc 1366947111
/home/cc/cs150/sp13/class/cs150-ar/Desktop/labs/FinalProj/topContainingXpsPro/system_mb_plb_wrapper.ngc 1366947111
/home/cc/cs150/sp13/class/cs150-ar/Desktop/labs/FinalProj/topContainingXpsPro/system_ilmb_wrapper.ngc 1366947111
/home/cc/cs150/sp13/class/cs150-ar/Desktop/labs/FinalProj/topContainingXpsPro/system_dlmb_wrapper.ngc 1366947111
/home/cc/cs150/sp13/class/cs150-ar/Desktop/labs/FinalProj/topContainingXpsPro/system_dlmb_cntlr_wrapper.ngc 1366947111
/home/cc/cs150/sp13/class/cs150-ar/Desktop/labs/FinalProj/topContainingXpsPro/system_ilmb_cntlr_wrapper.ngc 1366947111
/home/cc/cs150/sp13/class/cs150-ar/Desktop/labs/FinalProj/topContainingXpsPro/system_lmb_bram_wrapper.ngc 1366947111
/home/cc/cs150/sp13/class/cs150-ar/Desktop/labs/FinalProj/topContainingXpsPro/system_rs232_uart_1_wrapper.ngc 1366947111
/home/cc/cs150/sp13/class/cs150-ar/Desktop/labs/FinalProj/topContainingXpsPro/system_ddr2_sdram_wrapper.ngc 1366947111
/home/cc/cs150/sp13/class/cs150-ar/Desktop/labs/FinalProj/topContainingXpsPro/system_clock_generator_0_wrapper.ngc 1366947111
/home/cc/cs150/sp13/class/cs150-ar/Desktop/labs/FinalProj/topContainingXpsPro/system_mdm_0_wrapper.ngc 1366947111
/home/cc/cs150/sp13/class/cs150-ar/Desktop/labs/FinalProj/topContainingXpsPro/system_proc_sys_reset_0_wrapper.ngc 1366947111
/home/cc/cs150/sp13/class/cs150-ar/Desktop/labs/FinalProj/topContainingXpsPro/system_readbgcop_0_to_microblaze_0_wrapper.ngc 1366947111
/home/cc/cs150/sp13/class/cs150-ar/Desktop/labs/FinalProj/topContainingXpsPro/system_readbgcop_0_wrapper.ngc 1366947111
/home/cc/cs150/sp13/class/cs150-ar/Desktop/labs/FinalProj/topContainingXpsPro/system_microblaze_0_to_readbgcop_0_wrapper.ngc 1366947111
/home/cc/cs150/sp13/class/cs150-ar/Desktop/labs/FinalProj/topContainingXpsPro/system_readfgcop_0_to_microblaze_0_wrapper.ngc 1366947111
/home/cc/cs150/sp13/class/cs150-ar/Desktop/labs/FinalProj/topContainingXpsPro/system_readfgcop_0_wrapper.ngc 1366947111
/home/cc/cs150/sp13/class/cs150-ar/Desktop/labs/FinalProj/topContainingXpsPro/system_microblaze_0_to_readfgcop_0_wrapper.ngc 1366947111
/home/cc/cs150/sp13/class/cs150-ar/Desktop/labs/FinalProj/topContainingXpsPro/system_microblaze_0_to_writecopimage_0_wrapper.ngc 1366947111
/home/cc/cs150/sp13/class/cs150-ar/Desktop/labs/FinalProj/topContainingXpsPro/system_writecopimage_0_wrapper.ngc 1366947111
../../DVIcrap/hardware/src/pixel_fifo/pixel_fifo.ngc 1366591173
chipscope/chipscope_icon.ngc 1366832196
chipscope/chipscope_ila.ngc 1366832640
OK
