/home/cc/cs150/sp13/class/cs150-ar/finalproj/dram/implementation/system.ngc 1367257712
/home/cc/cs150/sp13/class/cs150-ar/finalproj/dram/implementation/system_microblaze_0_wrapper.ngc 1367257127
/home/cc/cs150/sp13/class/cs150-ar/finalproj/dram/implementation/system_mb_plb_wrapper.ngc 1367257127
/home/cc/cs150/sp13/class/cs150-ar/finalproj/dram/implementation/system_ilmb_wrapper.ngc 1367257127
/home/cc/cs150/sp13/class/cs150-ar/finalproj/dram/implementation/system_dlmb_wrapper.ngc 1367257127
/home/cc/cs150/sp13/class/cs150-ar/finalproj/dram/implementation/system_dlmb_cntlr_wrapper.ngc 1367257127
/home/cc/cs150/sp13/class/cs150-ar/finalproj/dram/implementation/system_ilmb_cntlr_wrapper.ngc 1367257127
/home/cc/cs150/sp13/class/cs150-ar/finalproj/dram/implementation/system_lmb_bram_wrapper.ngc 1367257127
/home/cc/cs150/sp13/class/cs150-ar/finalproj/dram/implementation/system_rs232_uart_1_wrapper.ngc 1367257127
/home/cc/cs150/sp13/class/cs150-ar/finalproj/dram/implementation/system_ddr2_sdram_wrapper.ngc 1367257127
/home/cc/cs150/sp13/class/cs150-ar/finalproj/dram/implementation/system_clock_generator_0_wrapper.ngc 1367257360
/home/cc/cs150/sp13/class/cs150-ar/finalproj/dram/implementation/system_mdm_0_wrapper.ngc 1367257127
/home/cc/cs150/sp13/class/cs150-ar/finalproj/dram/implementation/system_proc_sys_reset_0_wrapper.ngc 1367257127
/home/cc/cs150/sp13/class/cs150-ar/finalproj/dram/implementation/system_readbgcop_0_to_microblaze_0_wrapper.ngc 1367257127
/home/cc/cs150/sp13/class/cs150-ar/finalproj/dram/implementation/system_readbgcop_0_wrapper.ngc 1367257190
/home/cc/cs150/sp13/class/cs150-ar/finalproj/dram/implementation/system_microblaze_0_to_readbgcop_0_wrapper.ngc 1367257373
/home/cc/cs150/sp13/class/cs150-ar/finalproj/dram/implementation/system_readfgcop_0_to_microblaze_0_wrapper.ngc 1367257386
/home/cc/cs150/sp13/class/cs150-ar/finalproj/dram/implementation/system_readfgcop_0_wrapper.ngc 1367257269
/home/cc/cs150/sp13/class/cs150-ar/finalproj/dram/implementation/system_microblaze_0_to_readfgcop_0_wrapper.ngc 1367257399
/home/cc/cs150/sp13/class/cs150-ar/finalproj/dram/implementation/system_microblaze_0_to_writecopimage_0_wrapper.ngc 1367257412
/home/cc/cs150/sp13/class/cs150-ar/finalproj/dram/implementation/system_writecopimage_0_wrapper.ngc 1367257346
OK
